<?xml version="1.0" encoding="UTF-8"?><mappingRoot xmlns="http://www.ibm.com/2008/ccl/Mapping" domainID="com.ibm.msl.mapping.xml" domainIDExtension="mb" mainMap="true" targetNamespace="default" version="8.0.5.0" xmlns:map="default">
    <output path="jar:file://!com/ibm/etools/mft/map/xsds/predefined/JsonDomainMsg.xsd" var="var"/>
    <output derivedFrom="MB:JSON_schema_in_swagger_document" path="/openapi.json" var="var1"/>
    <namespaces>
        <namespace kind="supplement" prefix="out" uri="http://www.ibm.com/iib/msl/json"/>
    </namespaces>
    <generation engine="xquery"/>
    <mappingDeclaration name="getJson_Json_Mapping">
        <output namespace="http://www.ibm.com/iib/msl/json" path="$var/mb:msg(JSON,assembly,JSON,Properties)" var="ComIbmMessageAssembly_JSON">
            <cast derivedFrom="MB:JSON_operation_response" path="$ComIbmMessageAssembly_JSON/JSON/Data/type('anyType')" qualifier="{http://www.ibm.com/iib/msl/json}MyResponse" ref="var1"/>
        </output>
        <assign value="code">
            <output path="$ComIbmMessageAssembly_JSON/JSON/spath('Data',2)/code"/>
        </assign>
        <assign value="json">
            <output path="$ComIbmMessageAssembly_JSON/JSON/spath('Data',2)/message"/>
        </assign>
    </mappingDeclaration>
</mappingRoot>